Release 14.6 - xst P.68d (nt64)
Copyright (c) 1995-2013 Xilinx, Inc.  All rights reserved.
--> Parameter TMPDIR set to xst/projnav.tmp


Total REAL time to Xst completion: 0.00 secs
Total CPU time to Xst completion: 0.26 secs
 
--> Parameter xsthdpdir set to xst


Total REAL time to Xst completion: 0.00 secs
Total CPU time to Xst completion: 0.26 secs
 
--> Reading design: demo14.prj

TABLE OF CONTENTS
  1) Synthesis Options Summary
  2) HDL Parsing
  3) HDL Elaboration
  4) HDL Synthesis
       4.1) HDL Synthesis Report
  5) Advanced HDL Synthesis
       5.1) Advanced HDL Synthesis Report
  6) Low Level Synthesis
  7) Partition Report
  8) Design Summary
       8.1) Primitive and Black Box Usage
       8.2) Device utilization summary
       8.3) Partition Resource Summary
       8.4) Timing Report
            8.4.1) Clock Information
            8.4.2) Asynchronous Control Signals Information
            8.4.3) Timing Summary
            8.4.4) Timing Details
            8.4.5) Cross Clock Domains Report


=========================================================================
*                      Synthesis Options Summary                        *
=========================================================================
---- Source Parameters
Input File Name                    : "demo14.prj"
Ignore Synthesis Constraint File   : NO

---- Target Parameters
Output File Name                   : "demo14"
Output Format                      : NGC
Target Device                      : xc6slx16-3-csg324

---- Source Options
Top Module Name                    : demo14
Automatic FSM Extraction           : YES
FSM Encoding Algorithm             : Auto
Safe Implementation                : No
FSM Style                          : LUT
RAM Extraction                     : Yes
RAM Style                          : Auto
ROM Extraction                     : Yes
Shift Register Extraction          : YES
ROM Style                          : Auto
Resource Sharing                   : YES
Asynchronous To Synchronous        : NO
Shift Register Minimum Size        : 2
Use DSP Block                      : Auto
Automatic Register Balancing       : No

---- Target Options
LUT Combining                      : Auto
Reduce Control Sets                : Auto
Add IO Buffers                     : YES
Global Maximum Fanout              : 100000
Add Generic Clock Buffer(BUFG)     : 16
Register Duplication               : YES
Optimize Instantiated Primitives   : NO
Use Clock Enable                   : Auto
Use Synchronous Set                : Auto
Use Synchronous Reset              : Auto
Pack IO Registers into IOBs        : Auto
Equivalent register Removal        : YES

---- General Options
Optimization Goal                  : Speed
Optimization Effort                : 1
Power Reduction                    : NO
Keep Hierarchy                     : No
Netlist Hierarchy                  : As_Optimized
RTL Output                         : Yes
Global Optimization                : AllClockNets
Read Cores                         : YES
Write Timing Constraints           : NO
Cross Clock Analysis               : NO
Hierarchy Separator                : /
Bus Delimiter                      : <>
Case Specifier                     : Maintain
Slice Utilization Ratio            : 100
BRAM Utilization Ratio             : 100
DSP48 Utilization Ratio            : 100
Auto BRAM Packing                  : NO
Slice Utilization Ratio Delta      : 5

=========================================================================


=========================================================================
*                          HDL Parsing                                  *
=========================================================================
Analyzing Verilog file "D:\ISE\project\demo14\demo14.v" into library work
Parsing module <demo14>.

=========================================================================
*                            HDL Elaboration                            *
=========================================================================

Elaborating module <demo14>.

=========================================================================
*                           HDL Synthesis                               *
=========================================================================

Synthesizing Unit <demo14>.
    Related source file is "D:\ISE\project\demo14\demo14.v".
    Found 1-bit register for signal <OE_CLK_DFF_5>.
    Found 1-bit register for signal <OE_CLK_DFF_6>.
    Found 1-bit register for signal <OE_CLK_DFF_7>.
    Found 1-bit register for signal <OE_CLK_DFF_8>.
    Found 4-bit register for signal <D[3]_dff_4_OUT>.
    Found 1-bit tristate buffer for signal <Q<3>> created at line 27
    Found 1-bit tristate buffer for signal <Q<2>> created at line 27
    Found 1-bit tristate buffer for signal <Q<1>> created at line 27
    Found 1-bit tristate buffer for signal <Q<0>> created at line 27
    Summary:
	inferred   8 D-type flip-flop(s).
	inferred   1 Multiplexer(s).
	inferred   4 Tristate(s).
Unit <demo14> synthesized.

=========================================================================
HDL Synthesis Report

Macro Statistics
# Registers                                            : 5
 1-bit register                                        : 4
 4-bit register                                        : 1
# Multiplexers                                         : 1
 4-bit 2-to-1 multiplexer                              : 1
# Tristates                                            : 4
 1-bit tristate buffer                                 : 4

=========================================================================

=========================================================================
*                       Advanced HDL Synthesis                          *
=========================================================================


=========================================================================
Advanced HDL Synthesis Report

Macro Statistics
# Registers                                            : 8
 Flip-Flops                                            : 8
# Multiplexers                                         : 1
 4-bit 2-to-1 multiplexer                              : 1

=========================================================================

=========================================================================
*                         Low Level Synthesis                           *
=========================================================================
INFO:Xst:2261 - The FF/Latch <OE_CLK_DFF_5> in Unit <demo14> is equivalent to the following 3 FFs/Latches, which will be removed : <OE_CLK_DFF_6> <OE_CLK_DFF_7> <OE_CLK_DFF_8> 
WARNING:Xst:2042 - Unit demo14: 4 internal tristates are replaced by logic (pull-up yes): N2, N3, N4, N5.

Optimizing unit <demo14> ...

Mapping all equations...
Building and optimizing final netlist ...
Found area constraint ratio of 100 (+ 5) on block demo14, actual ratio is 0.

Final Macro Processing ...

=========================================================================
Final Register Report

Macro Statistics
# Registers                                            : 5
 Flip-Flops                                            : 5

=========================================================================

=========================================================================
*                           Partition Report                            *
=========================================================================

Partition Implementation Status
-------------------------------

  No Partitions were found in this design.

-------------------------------

=========================================================================
*                            Design Summary                             *
=========================================================================

Top Level Output File Name         : demo14.ngc

Primitive and Black Box Usage:
------------------------------
# BELS                             : 6
#      INV                         : 1
#      LUT4                        : 1
#      LUT6                        : 4
# FlipFlops/Latches                : 5
#      FD                          : 1
#      FDR                         : 4
# Clock Buffers                    : 1
#      BUFG                        : 1
# IO Buffers                       : 11
#      IBUF                        : 7
#      OBUFT                       : 4

Device utilization summary:
---------------------------

Selected Device : 6slx16csg324-3 


Slice Logic Utilization: 
 Number of Slice Registers:               5  out of  18224     0%  
 Number of Slice LUTs:                    6  out of   9112     0%  
    Number used as Logic:                 6  out of   9112     0%  

Slice Logic Distribution: 
 Number of LUT Flip Flop pairs used:     11
   Number with an unused Flip Flop:       6  out of     11    54%  
   Number with an unused LUT:             5  out of     11    45%  
   Number of fully used LUT-FF pairs:     0  out of     11     0%  
   Number of unique control sets:         2

IO Utilization: 
 Number of IOs:                          11
 Number of bonded IOBs:                  11  out of    232     4%  

Specific Feature Utilization:
 Number of BUFG/BUFGCTRLs:                1  out of     16     6%  

---------------------------
Partition Resource Summary:
---------------------------

  No Partitions were found in this design.

---------------------------


=========================================================================
Timing Report

NOTE: THESE TIMING NUMBERS ARE ONLY A SYNTHESIS ESTIMATE.
      FOR ACCURATE TIMING INFORMATION PLEASE REFER TO THE TRACE REPORT
      GENERATED AFTER PLACE-and-ROUTE.

Clock Information:
------------------
-----------------------------------+------------------------+-------+
Clock Signal                       | Clock buffer(FF name)  | Load  |
-----------------------------------+------------------------+-------+
CLK                                | IBUF+BUFG              | 5     |
-----------------------------------+------------------------+-------+

Asynchronous Control Signals Information:
----------------------------------------
No asynchronous control signals found in this design

Timing Summary:
---------------
Speed Grade: -3

   Minimum period: 1.499ns (Maximum Frequency: 667.223MHz)
   Minimum input arrival time before clock: 2.606ns
   Maximum output required time after clock: 4.650ns
   Maximum combinational path delay: No path found

Timing Details:
---------------
All values displayed in nanoseconds (ns)

=========================================================================
Timing constraint: Default period analysis for Clock 'CLK'
  Clock period: 1.499ns (frequency: 667.223MHz)
  Total number of paths / destination ports: 9 / 5
-------------------------------------------------------------------------
Delay:               1.499ns (Levels of Logic = 1)
  Source:            OE_CLK_DFF_5 (FF)
  Destination:       Q_0 (FF)
  Source Clock:      CLK rising
  Destination Clock: CLK rising

  Data Path: OE_CLK_DFF_5 to Q_0
                                Gate     Net
    Cell:in->out      fanout   Delay   Delay  Logical Name (Net Name)
    ----------------------------------------  ------------
     FD:C->Q               6   0.447   0.745  OE_CLK_DFF_5 (OE_CLK_DFF_5)
     LUT4:I3->O            1   0.205   0.000  OE_CLK_DFF_5_rstpot (OE_CLK_DFF_5_rstpot)
     FD:D                      0.102          OE_CLK_DFF_5
    ----------------------------------------
    Total                      1.499ns (0.754ns logic, 0.745ns route)
                                       (50.3% logic, 49.7% route)

=========================================================================
Timing constraint: Default OFFSET IN BEFORE for Clock 'CLK'
  Total number of paths / destination ports: 23 / 9
-------------------------------------------------------------------------
Offset:              2.606ns (Levels of Logic = 2)
  Source:            CLK (PAD)
  Destination:       Q_0 (FF)
  Destination Clock: CLK rising

  Data Path: CLK to Q_0
                                Gate     Net
    Cell:in->out      fanout   Delay   Delay  Logical Name (Net Name)
    ----------------------------------------  ------------
     IBUF:I->O             5   1.222   1.079  CLK_IBUF (CLK_IBUF)
     LUT6:I0->O            1   0.203   0.000  Mmux_n002441 (n0024<3>)
     FDR:D                     0.102          Q_3
    ----------------------------------------
    Total                      2.606ns (1.527ns logic, 1.079ns route)
                                       (58.6% logic, 41.4% route)

=========================================================================
Timing constraint: Default OFFSET OUT AFTER for Clock 'CLK'
  Total number of paths / destination ports: 8 / 4
-------------------------------------------------------------------------
Offset:              4.650ns (Levels of Logic = 2)
  Source:            OE_CLK_DFF_5 (FF)
  Destination:       Q<3> (PAD)
  Source Clock:      CLK rising

  Data Path: OE_CLK_DFF_5 to Q<3>
                                Gate     Net
    Cell:in->out      fanout   Delay   Delay  Logical Name (Net Name)
    ----------------------------------------  ------------
     FD:C->Q               6   0.447   0.744  OE_CLK_DFF_5 (OE_CLK_DFF_5)
     INV:I->O              4   0.206   0.683  OE_CLK_DFF_5_inv1_INV_0 (OE_CLK_DFF_5_inv)
     OBUFT:T->O                2.571          Q_3_OBUFT (Q<3>)
    ----------------------------------------
    Total                      4.650ns (3.224ns logic, 1.426ns route)
                                       (69.3% logic, 30.7% route)

=========================================================================

Cross Clock Domains Report:
--------------------------

Clock to Setup on destination clock CLK
---------------+---------+---------+---------+---------+
               | Src:Rise| Src:Fall| Src:Rise| Src:Fall|
Source Clock   |Dest:Rise|Dest:Rise|Dest:Fall|Dest:Fall|
---------------+---------+---------+---------+---------+
CLK            |    1.499|         |         |         |
---------------+---------+---------+---------+---------+

=========================================================================


Total REAL time to Xst completion: 11.00 secs
Total CPU time to Xst completion: 11.62 secs
 
--> 

Total memory usage is 232104 kilobytes

Number of errors   :    0 (   0 filtered)
Number of warnings :    1 (   0 filtered)
Number of infos    :    1 (   0 filtered)

