Release 14.6 - xst P.68d (nt64)
Copyright (c) 1995-2013 Xilinx, Inc.  All rights reserved.
--> Parameter TMPDIR set to xst/projnav.tmp


Total REAL time to Xst completion: 1.00 secs
Total CPU time to Xst completion: 0.27 secs
 
--> Parameter xsthdpdir set to xst


Total REAL time to Xst completion: 1.00 secs
Total CPU time to Xst completion: 0.27 secs
 
--> Reading design: demo13.prj

TABLE OF CONTENTS
  1) Synthesis Options Summary
  2) HDL Parsing
  3) HDL Elaboration
  4) HDL Synthesis
       4.1) HDL Synthesis Report
  5) Advanced HDL Synthesis
       5.1) Advanced HDL Synthesis Report
  6) Low Level Synthesis
  7) Partition Report
  8) Design Summary
       8.1) Primitive and Black Box Usage
       8.2) Device utilization summary
       8.3) Partition Resource Summary
       8.4) Timing Report
            8.4.1) Clock Information
            8.4.2) Asynchronous Control Signals Information
            8.4.3) Timing Summary
            8.4.4) Timing Details
            8.4.5) Cross Clock Domains Report


=========================================================================
*                      Synthesis Options Summary                        *
=========================================================================
---- Source Parameters
Input File Name                    : "demo13.prj"
Ignore Synthesis Constraint File   : NO

---- Target Parameters
Output File Name                   : "demo13"
Output Format                      : NGC
Target Device                      : xc6slx16-3-csg324

---- Source Options
Top Module Name                    : demo13
Automatic FSM Extraction           : YES
FSM Encoding Algorithm             : Auto
Safe Implementation                : No
FSM Style                          : LUT
RAM Extraction                     : Yes
RAM Style                          : Auto
ROM Extraction                     : Yes
Shift Register Extraction          : YES
ROM Style                          : Auto
Resource Sharing                   : YES
Asynchronous To Synchronous        : NO
Shift Register Minimum Size        : 2
Use DSP Block                      : Auto
Automatic Register Balancing       : No

---- Target Options
LUT Combining                      : Auto
Reduce Control Sets                : Auto
Add IO Buffers                     : YES
Global Maximum Fanout              : 100000
Add Generic Clock Buffer(BUFG)     : 16
Register Duplication               : YES
Optimize Instantiated Primitives   : NO
Use Clock Enable                   : Auto
Use Synchronous Set                : Auto
Use Synchronous Reset              : Auto
Pack IO Registers into IOBs        : Auto
Equivalent register Removal        : YES

---- General Options
Optimization Goal                  : Speed
Optimization Effort                : 1
Power Reduction                    : NO
Keep Hierarchy                     : No
Netlist Hierarchy                  : As_Optimized
RTL Output                         : Yes
Global Optimization                : AllClockNets
Read Cores                         : YES
Write Timing Constraints           : NO
Cross Clock Analysis               : NO
Hierarchy Separator                : /
Bus Delimiter                      : <>
Case Specifier                     : Maintain
Slice Utilization Ratio            : 100
BRAM Utilization Ratio             : 100
DSP48 Utilization Ratio            : 100
Auto BRAM Packing                  : NO
Slice Utilization Ratio Delta      : 5

=========================================================================


=========================================================================
*                          HDL Parsing                                  *
=========================================================================
Analyzing Verilog file "D:\ISE\project\demo13\demo13.v" into library work
Parsing module <demo13>.

=========================================================================
*                            HDL Elaboration                            *
=========================================================================

Elaborating module <demo13>.
WARNING:HDLCompiler:413 - "D:\ISE\project\demo13\demo13.v" Line 50: Result of 32-bit expression is truncated to fit in 5-bit target.

=========================================================================
*                           HDL Synthesis                               *
=========================================================================

Synthesizing Unit <demo13>.
    Related source file is "D:\ISE\project\demo13\demo13.v".
    Found 1-bit register for signal <CO>.
    Found 4-bit register for signal <Q>.
    Found 5-bit subtractor for signal <GND_1_o_GND_1_o_sub_5_OUT> created at line 50.
    Found 5-bit adder for signal <n0025> created at line 44.
    Summary:
	inferred   2 Adder/Subtractor(s).
	inferred   5 D-type flip-flop(s).
	inferred   3 Multiplexer(s).
Unit <demo13> synthesized.

=========================================================================
HDL Synthesis Report

Macro Statistics
# Adders/Subtractors                                   : 2
 5-bit adder                                           : 1
 5-bit subtractor                                      : 1
# Registers                                            : 2
 1-bit register                                        : 1
 4-bit register                                        : 1
# Multiplexers                                         : 3
 1-bit 2-to-1 multiplexer                              : 1
 4-bit 2-to-1 multiplexer                              : 2

=========================================================================

=========================================================================
*                       Advanced HDL Synthesis                          *
=========================================================================


=========================================================================
Advanced HDL Synthesis Report

Macro Statistics
# Adders/Subtractors                                   : 2
 5-bit adder                                           : 1
 5-bit subtractor                                      : 1
# Registers                                            : 5
 Flip-Flops                                            : 5
# Multiplexers                                         : 3
 1-bit 2-to-1 multiplexer                              : 1
 4-bit 2-to-1 multiplexer                              : 2

=========================================================================

=========================================================================
*                         Low Level Synthesis                           *
=========================================================================

Optimizing unit <demo13> ...

Mapping all equations...
Building and optimizing final netlist ...
Found area constraint ratio of 100 (+ 5) on block demo13, actual ratio is 0.

Final Macro Processing ...

=========================================================================
Final Register Report

Macro Statistics
# Registers                                            : 5
 Flip-Flops                                            : 5

=========================================================================

=========================================================================
*                           Partition Report                            *
=========================================================================

Partition Implementation Status
-------------------------------

  No Partitions were found in this design.

-------------------------------

=========================================================================
*                            Design Summary                             *
=========================================================================

Top Level Output File Name         : demo13.ngc

Primitive and Black Box Usage:
------------------------------
# BELS                             : 8
#      LUT2                        : 1
#      LUT3                        : 2
#      LUT5                        : 4
#      LUT6                        : 1
# FlipFlops/Latches                : 5
#      FD                          : 1
#      FDRE                        : 4
# Clock Buffers                    : 1
#      BUFGP                       : 1
# IO Buffers                       : 13
#      IBUF                        : 8
#      OBUF                        : 5

Device utilization summary:
---------------------------

Selected Device : 6slx16csg324-3 


Slice Logic Utilization: 
 Number of Slice Registers:               5  out of  18224     0%  
 Number of Slice LUTs:                    8  out of   9112     0%  
    Number used as Logic:                 8  out of   9112     0%  

Slice Logic Distribution: 
 Number of LUT Flip Flop pairs used:     13
   Number with an unused Flip Flop:       8  out of     13    61%  
   Number with an unused LUT:             5  out of     13    38%  
   Number of fully used LUT-FF pairs:     0  out of     13     0%  
   Number of unique control sets:         2

IO Utilization: 
 Number of IOs:                          14
 Number of bonded IOBs:                  14  out of    232     6%  

Specific Feature Utilization:
 Number of BUFG/BUFGCTRLs:                1  out of     16     6%  

---------------------------
Partition Resource Summary:
---------------------------

  No Partitions were found in this design.

---------------------------


=========================================================================
Timing Report

NOTE: THESE TIMING NUMBERS ARE ONLY A SYNTHESIS ESTIMATE.
      FOR ACCURATE TIMING INFORMATION PLEASE REFER TO THE TRACE REPORT
      GENERATED AFTER PLACE-and-ROUTE.

Clock Information:
------------------
-----------------------------------+------------------------+-------+
Clock Signal                       | Clock buffer(FF name)  | Load  |
-----------------------------------+------------------------+-------+
CLK                                | BUFGP                  | 5     |
-----------------------------------+------------------------+-------+

Asynchronous Control Signals Information:
----------------------------------------
No asynchronous control signals found in this design

Timing Summary:
---------------
Speed Grade: -3

   Minimum period: 2.450ns (Maximum Frequency: 408.097MHz)
   Minimum input arrival time before clock: 3.339ns
   Maximum output required time after clock: 3.762ns
   Maximum combinational path delay: No path found

Timing Details:
---------------
All values displayed in nanoseconds (ns)

=========================================================================
Timing constraint: Default period analysis for Clock 'CLK'
  Clock period: 2.450ns (frequency: 408.097MHz)
  Total number of paths / destination ports: 15 / 5
-------------------------------------------------------------------------
Delay:               2.450ns (Levels of Logic = 2)
  Source:            Q_2 (FF)
  Destination:       Q_3 (FF)
  Source Clock:      CLK rising
  Destination Clock: CLK rising

  Data Path: Q_2 to Q_3
                                Gate     Net
    Cell:in->out      fanout   Delay   Delay  Logical Name (Net Name)
    ----------------------------------------  ------------
     FDRE:C->Q             4   0.447   0.912  Q_2 (Q_2)
     LUT5:I2->O            1   0.205   0.580  Mmux_GND_1_o_BUS_0001_MUX_3_o11 (GND_1_o_BUS_0001_MUX_3_o)
     LUT5:I4->O            1   0.205   0.000  CO_rstpot1 (CO_rstpot1)
     FD:D                      0.102          CO
    ----------------------------------------
    Total                      2.450ns (0.959ns logic, 1.491ns route)
                                       (39.1% logic, 60.9% route)

=========================================================================
Timing constraint: Default OFFSET IN BEFORE for Clock 'CLK'
  Total number of paths / destination ports: 27 / 13
-------------------------------------------------------------------------
Offset:              3.339ns (Levels of Logic = 3)
  Source:            Up_Dn (PAD)
  Destination:       Q_3 (FF)
  Destination Clock: CLK rising

  Data Path: Up_Dn to Q_3
                                Gate     Net
    Cell:in->out      fanout   Delay   Delay  Logical Name (Net Name)
    ----------------------------------------  ------------
     IBUF:I->O             4   1.222   1.028  Up_Dn_IBUF (Up_Dn_IBUF)
     LUT5:I0->O            1   0.203   0.580  Mmux_GND_1_o_BUS_0001_MUX_3_o11 (GND_1_o_BUS_0001_MUX_3_o)
     LUT5:I4->O            1   0.205   0.000  CO_rstpot1 (CO_rstpot1)
     FD:D                      0.102          CO
    ----------------------------------------
    Total                      3.339ns (1.732ns logic, 1.607ns route)
                                       (51.9% logic, 48.1% route)

=========================================================================
Timing constraint: Default OFFSET OUT AFTER for Clock 'CLK'
  Total number of paths / destination ports: 5 / 5
-------------------------------------------------------------------------
Offset:              3.762ns (Levels of Logic = 1)
  Source:            Q_0 (FF)
  Destination:       Q<0> (PAD)
  Source Clock:      CLK rising

  Data Path: Q_0 to Q<0>
                                Gate     Net
    Cell:in->out      fanout   Delay   Delay  Logical Name (Net Name)
    ----------------------------------------  ------------
     FDRE:C->Q             6   0.447   0.744  Q_0 (Q_0)
     OBUF:I->O                 2.571          Q_0_OBUF (Q<0>)
    ----------------------------------------
    Total                      3.762ns (3.018ns logic, 0.744ns route)
                                       (80.2% logic, 19.8% route)

=========================================================================

Cross Clock Domains Report:
--------------------------

Clock to Setup on destination clock CLK
---------------+---------+---------+---------+---------+
               | Src:Rise| Src:Fall| Src:Rise| Src:Fall|
Source Clock   |Dest:Rise|Dest:Rise|Dest:Fall|Dest:Fall|
---------------+---------+---------+---------+---------+
CLK            |    2.450|         |         |         |
---------------+---------+---------+---------+---------+

=========================================================================


Total REAL time to Xst completion: 13.00 secs
Total CPU time to Xst completion: 12.87 secs
 
--> 

Total memory usage is 222504 kilobytes

Number of errors   :    0 (   0 filtered)
Number of warnings :    1 (   0 filtered)
Number of infos    :    0 (   0 filtered)

