Release 14.6 - xst P.68d (nt64)
Copyright (c) 1995-2013 Xilinx, Inc.  All rights reserved.
--> Parameter TMPDIR set to xst/projnav.tmp


Total REAL time to Xst completion: 1.00 secs
Total CPU time to Xst completion: 0.71 secs
 
--> Parameter xsthdpdir set to xst


Total REAL time to Xst completion: 1.00 secs
Total CPU time to Xst completion: 0.73 secs
 
--> Reading design: Top_Module.prj

TABLE OF CONTENTS
  1) Synthesis Options Summary
  2) HDL Parsing
  3) HDL Elaboration
  4) HDL Synthesis
       4.1) HDL Synthesis Report
  5) Advanced HDL Synthesis
       5.1) Advanced HDL Synthesis Report
  6) Low Level Synthesis
  7) Partition Report
  8) Design Summary
       8.1) Primitive and Black Box Usage
       8.2) Device utilization summary
       8.3) Partition Resource Summary
       8.4) Timing Report
            8.4.1) Clock Information
            8.4.2) Asynchronous Control Signals Information
            8.4.3) Timing Summary
            8.4.4) Timing Details
            8.4.5) Cross Clock Domains Report


=========================================================================
*                      Synthesis Options Summary                        *
=========================================================================
---- Source Parameters
Input File Name                    : "Top_Module.prj"
Ignore Synthesis Constraint File   : NO

---- Target Parameters
Output File Name                   : "Top_Module"
Output Format                      : NGC
Target Device                      : xc6slx16-3-csg324

---- Source Options
Top Module Name                    : Top_Module
Automatic FSM Extraction           : YES
FSM Encoding Algorithm             : Auto
Safe Implementation                : No
FSM Style                          : LUT
RAM Extraction                     : Yes
RAM Style                          : Auto
ROM Extraction                     : Yes
Shift Register Extraction          : YES
ROM Style                          : Auto
Resource Sharing                   : YES
Asynchronous To Synchronous        : NO
Shift Register Minimum Size        : 2
Use DSP Block                      : Auto
Automatic Register Balancing       : No

---- Target Options
LUT Combining                      : Auto
Reduce Control Sets                : Auto
Add IO Buffers                     : YES
Global Maximum Fanout              : 100000
Add Generic Clock Buffer(BUFG)     : 16
Register Duplication               : YES
Optimize Instantiated Primitives   : NO
Use Clock Enable                   : Auto
Use Synchronous Set                : Auto
Use Synchronous Reset              : Auto
Pack IO Registers into IOBs        : Auto
Equivalent register Removal        : YES

---- General Options
Optimization Goal                  : Speed
Optimization Effort                : 1
Power Reduction                    : NO
Keep Hierarchy                     : No
Netlist Hierarchy                  : As_Optimized
RTL Output                         : Yes
Global Optimization                : AllClockNets
Read Cores                         : YES
Write Timing Constraints           : NO
Cross Clock Analysis               : NO
Hierarchy Separator                : /
Bus Delimiter                      : <>
Case Specifier                     : Maintain
Slice Utilization Ratio            : 100
BRAM Utilization Ratio             : 100
DSP48 Utilization Ratio            : 100
Auto BRAM Packing                  : NO
Slice Utilization Ratio Delta      : 5

---- Other Options
Cores Search Directories           : {"ipcore_dir"  }

=========================================================================


=========================================================================
*                          HDL Parsing                                  *
=========================================================================
Analyzing Verilog file "D:\ISE\project\jizu\shiyan5\ipcore_dir\RAM_B.v" into library work
Parsing module <RAM_B>.
Analyzing Verilog file "D:\ISE\project\jizu\shiyan5\Top_Module.v" into library work
Parsing module <Top_Module>.

=========================================================================
*                            HDL Elaboration                            *
=========================================================================

Elaborating module <Top_Module>.

Elaborating module <RAM_B>.
WARNING:HDLCompiler:1499 - "D:\ISE\project\jizu\shiyan5\ipcore_dir\RAM_B.v" Line 39: Empty module <RAM_B> remains a black box.

=========================================================================
*                           HDL Synthesis                               *
=========================================================================

Synthesizing Unit <Top_Module>.
    Related source file is "D:\ISE\project\jizu\shiyan5\Top_Module.v".
    Found 8-bit register for signal <LED>.
    Found 32-bit register for signal <M_W_Data>.
    Found 4x32-bit Read Only RAM for signal <Choose[1]_GND_1_o_wide_mux_2_OUT>
    Found 8-bit 4-to-1 multiplexer for signal <Choose[1]_M_R_Data[31]_wide_mux_3_OUT> created at line 52.
    Summary:
	inferred   1 RAM(s).
	inferred  40 D-type flip-flop(s).
	inferred   1 Multiplexer(s).
Unit <Top_Module> synthesized.

=========================================================================
HDL Synthesis Report

Macro Statistics
# RAMs                                                 : 1
 4x32-bit single-port Read Only RAM                    : 1
# Registers                                            : 2
 32-bit register                                       : 1
 8-bit register                                        : 1
# Multiplexers                                         : 1
 8-bit 4-to-1 multiplexer                              : 1

=========================================================================

=========================================================================
*                       Advanced HDL Synthesis                          *
=========================================================================

Reading core <ipcore_dir/RAM_B.ngc>.
Loading core <RAM_B> for timing and area information for instance <Data_RAM>.

Synthesizing (advanced) Unit <Top_Module>.
INFO:Xst:3231 - The small RAM <Mram_Choose[1]_GND_1_o_wide_mux_2_OUT> will be implemented on LUTs in order to maximize performance and save block RAM resources. If you want to force its implementation on block, use option/constraint ram_style.
    -----------------------------------------------------------------------
    | ram_type           | Distributed                         |          |
    -----------------------------------------------------------------------
    | Port A                                                              |
    |     aspect ratio   | 4-word x 32-bit                     |          |
    |     weA            | connected to signal <GND>           | high     |
    |     addrA          | connected to signal <Choose>        |          |
    |     diA            | connected to signal <GND>           |          |
    |     doA            | connected to internal node          |          |
    -----------------------------------------------------------------------
Unit <Top_Module> synthesized (advanced).

=========================================================================
Advanced HDL Synthesis Report

Macro Statistics
# RAMs                                                 : 1
 4x32-bit single-port distributed Read Only RAM        : 1
# Registers                                            : 40
 Flip-Flops                                            : 40
# Multiplexers                                         : 1
 8-bit 4-to-1 multiplexer                              : 1

=========================================================================

=========================================================================
*                         Low Level Synthesis                           *
=========================================================================
INFO:Xst:2261 - The FF/Latch <M_W_Data_3> in Unit <Top_Module> is equivalent to the following 11 FFs/Latches, which will be removed : <M_W_Data_4> <M_W_Data_5> <M_W_Data_6> <M_W_Data_9> <M_W_Data_10> <M_W_Data_12> <M_W_Data_14> <M_W_Data_18> <M_W_Data_20> <M_W_Data_21> <M_W_Data_25> 
INFO:Xst:2261 - The FF/Latch <M_W_Data_30> in Unit <Top_Module> is equivalent to the following FF/Latch, which will be removed : <M_W_Data_31> 
INFO:Xst:2261 - The FF/Latch <M_W_Data_0> in Unit <Top_Module> is equivalent to the following 16 FFs/Latches, which will be removed : <M_W_Data_1> <M_W_Data_2> <M_W_Data_7> <M_W_Data_8> <M_W_Data_11> <M_W_Data_13> <M_W_Data_15> <M_W_Data_16> <M_W_Data_17> <M_W_Data_19> <M_W_Data_22> <M_W_Data_23> <M_W_Data_24> <M_W_Data_26> <M_W_Data_27> <M_W_Data_29> 

Optimizing unit <Top_Module> ...

Mapping all equations...
Building and optimizing final netlist ...
Found area constraint ratio of 100 (+ 5) on block Top_Module, actual ratio is 0.

Final Macro Processing ...

=========================================================================
Final Register Report

Macro Statistics
# Registers                                            : 12
 Flip-Flops                                            : 12

=========================================================================

=========================================================================
*                           Partition Report                            *
=========================================================================

Partition Implementation Status
-------------------------------

  No Partitions were found in this design.

-------------------------------

=========================================================================
*                            Design Summary                             *
=========================================================================

Top Level Output File Name         : Top_Module.ngc

Primitive and Black Box Usage:
------------------------------
# BELS                             : 14
#      GND                         : 1
#      INV                         : 1
#      LUT2                        : 3
#      LUT6                        : 8
#      VCC                         : 1
# FlipFlops/Latches                : 12
#      FDE                         : 12
# RAMS                             : 1
#      RAMB8BWER                   : 1
# Clock Buffers                    : 1
#      BUFGP                       : 1
# IO Buffers                       : 17
#      IBUF                        : 9
#      OBUF                        : 8

Device utilization summary:
---------------------------

Selected Device : 6slx16csg324-3 


Slice Logic Utilization: 
 Number of Slice Registers:              12  out of  18224     0%  
 Number of Slice LUTs:                   12  out of   9112     0%  
    Number used as Logic:                12  out of   9112     0%  

Slice Logic Distribution: 
 Number of LUT Flip Flop pairs used:     24
   Number with an unused Flip Flop:      12  out of     24    50%  
   Number with an unused LUT:            12  out of     24    50%  
   Number of fully used LUT-FF pairs:     0  out of     24     0%  
   Number of unique control sets:         2

IO Utilization: 
 Number of IOs:                          18
 Number of bonded IOBs:                  18  out of    232     7%  

Specific Feature Utilization:
 Number of Block RAM/FIFO:                1  out of     32     3%  
    Number using Block RAM only:          1
 Number of BUFG/BUFGCTRLs:                1  out of     16     6%  

---------------------------
Partition Resource Summary:
---------------------------

  No Partitions were found in this design.

---------------------------


=========================================================================
Timing Report

NOTE: THESE TIMING NUMBERS ARE ONLY A SYNTHESIS ESTIMATE.
      FOR ACCURATE TIMING INFORMATION PLEASE REFER TO THE TRACE REPORT
      GENERATED AFTER PLACE-and-ROUTE.

Clock Information:
------------------
-----------------------------------+------------------------+-------+
Clock Signal                       | Clock buffer(FF name)  | Load  |
-----------------------------------+------------------------+-------+
Clk                                | BUFGP                  | 13    |
-----------------------------------+------------------------+-------+

Asynchronous Control Signals Information:
----------------------------------------
No asynchronous control signals found in this design

Timing Summary:
---------------
Speed Grade: -3

   Minimum period: 2.839ns (Maximum Frequency: 352.255MHz)
   Minimum input arrival time before clock: 3.380ns
   Maximum output required time after clock: 3.597ns
   Maximum combinational path delay: No path found

Timing Details:
---------------
All values displayed in nanoseconds (ns)

=========================================================================
Timing constraint: Default period analysis for Clock 'Clk'
  Clock period: 2.839ns (frequency: 352.255MHz)
  Total number of paths / destination ports: 64 / 40
-------------------------------------------------------------------------
Delay:               2.839ns (Levels of Logic = 2)
  Source:            Data_RAM/U0/xst_blk_mem_generator/gnativebmg.native_blk_mem_gen/valid.cstr/ramloop[0].ram.r/s6_init.ram/SP.WIDE_PRIM9.ram (RAM)
  Destination:       LED_0 (FF)
  Source Clock:      Clk rising
  Destination Clock: Clk rising

  Data Path: Data_RAM/U0/xst_blk_mem_generator/gnativebmg.native_blk_mem_gen/valid.cstr/ramloop[0].ram.r/s6_init.ram/SP.WIDE_PRIM9.ram to LED_0
                                Gate     Net
    Cell:in->out      fanout   Delay   Delay  Logical Name (Net Name)
    ----------------------------------------  ------------
     RAMB8BWER:CLKBRDCLK->DOBDO0    1   1.850   0.684  U0/xst_blk_mem_generator/gnativebmg.native_blk_mem_gen/valid.cstr/ramloop[0].ram.r/s6_init.ram/SP.WIDE_PRIM9.ram (douta<16>)
     end scope: 'Data_RAM:douta<16>'
     LUT6:I4->O            1   0.203   0.000  Mmux_Choose[1]_M_R_Data[31]_wide_mux_3_OUT11 (Choose[1]_M_R_Data[31]_wide_mux_3_OUT<0>)
     FDE:D                     0.102          LED_0
    ----------------------------------------
    Total                      2.839ns (2.155ns logic, 0.684ns route)
                                       (75.9% logic, 24.1% route)

=========================================================================
Timing constraint: Default OFFSET IN BEFORE for Clock 'Clk'
  Total number of paths / destination ports: 51 / 40
-------------------------------------------------------------------------
Offset:              3.380ns (Levels of Logic = 2)
  Source:            Mem_Write (PAD)
  Destination:       LED_0 (FF)
  Destination Clock: Clk rising

  Data Path: Mem_Write to LED_0
                                Gate     Net
    Cell:in->out      fanout   Delay   Delay  Logical Name (Net Name)
    ----------------------------------------  ------------
     IBUF:I->O             9   1.222   0.829  Mem_Write_IBUF (Mem_Write_IBUF)
     INV:I->O              8   0.206   0.802  Mem_Write_inv1_INV_0 (Mem_Write_inv)
     FDE:CE                    0.322          LED_0
    ----------------------------------------
    Total                      3.380ns (1.750ns logic, 1.630ns route)
                                       (51.8% logic, 48.2% route)

=========================================================================
Timing constraint: Default OFFSET OUT AFTER for Clock 'Clk'
  Total number of paths / destination ports: 8 / 8
-------------------------------------------------------------------------
Offset:              3.597ns (Levels of Logic = 1)
  Source:            LED_7 (FF)
  Destination:       LED<7> (PAD)
  Source Clock:      Clk rising

  Data Path: LED_7 to LED<7>
                                Gate     Net
    Cell:in->out      fanout   Delay   Delay  Logical Name (Net Name)
    ----------------------------------------  ------------
     FDE:C->Q              1   0.447   0.579  LED_7 (LED_7)
     OBUF:I->O                 2.571          LED_7_OBUF (LED<7>)
    ----------------------------------------
    Total                      3.597ns (3.018ns logic, 0.579ns route)
                                       (83.9% logic, 16.1% route)

=========================================================================

Cross Clock Domains Report:
--------------------------

Clock to Setup on destination clock Clk
---------------+---------+---------+---------+---------+
               | Src:Rise| Src:Fall| Src:Rise| Src:Fall|
Source Clock   |Dest:Rise|Dest:Rise|Dest:Fall|Dest:Fall|
---------------+---------+---------+---------+---------+
Clk            |    2.839|         |         |         |
---------------+---------+---------+---------+---------+

=========================================================================


Total REAL time to Xst completion: 27.00 secs
Total CPU time to Xst completion: 27.16 secs
 
--> 

Total memory usage is 263484 kilobytes

Number of errors   :    0 (   0 filtered)
Number of warnings :    1 (   0 filtered)
Number of infos    :    4 (   0 filtered)

